
> nextn@0.1.0 prebuild
> npm run db:migrate


> nextn@0.1.0 db:migrate
> node ./scripts/run-migrations.js

Skipping 001_init.sql
Skipping 002_material_fields.sql
Skipping 003_add_trashed_at.sql
Skipping 004_add_order_number.sql
Skipping 005_create_production_tasks.sql
Skipping 006_drop_unused_warehouses.sql
Skipping 007_create_users.sql
Skipping 008_add_material_metadata.sql
Skipping 009_preconditions.sql
Skipping 010_add_optimizations.sql
Skipping 011_add_order_item_conditions.sql
Skipping 012_create_production_reservations.sql
Skipping 013_full_persistence.sql
Skipping 014_add_order_source.sql
Skipping 015_manual_order_counters.sql
Skipping 016_realign_order_counters_timezone.sql
Skipping 017_add_notifications_user_target.sql
Skipping 018_unique_notification_dedupe.sql
Skipping 019_add_order_item_description.sql
Skipping 020_seed_admin_gmail.sql
Skipping 021_add_mrp_suggestions.sql
Skipping 022_add_mrp_suggestions_status.sql
Skipping 023_ensure_mrp_suggestions_columns.sql
Skipping 024_convert_mrp_material_id.sql
Skipping 025_add_mrp_suggestions_unique_material.sql
Skipping 026_make_mrp_material_id_unique.sql
Skipping 027_dashboard_materialized_views.sql
Skipping 028_site_settings.sql
Skipping 029_add_site_logo_blob.sql
Skipping 030_inventory_receipts_snapshot_view.sql
Migrations complete

> nextn@0.1.0 build
> next build

   Ôû▓ Next.js 15.5.9
   - Environments: .env.local, .env

